
> smart-presence@0.1.0 build
> next build

   Γû▓ Next.js 16.0.3 (Turbopack)
   - Environments: .env.local

   Creating an optimized production build ...
node.exe : 
At C:\Program Files\no
dejs\npm.ps1:29 char:3
+   & $NODE_EXE 
$NPM_CLI_JS $args
+   ~~~~~~~~~~~~~~~~~~
~~~~~~~~~~~
    + CategoryInfo    
          : NotSpeci  
  fied: (:String) [   
 ], RemoteExceptio    
n
    + FullyQualifiedE 
   rrorId : NativeCo  
  mmandError
 
> Build error occurred
Error: Turbopack 
build failed with 3 
errors:
./src/app/api/attendan
ce/mark/route.js:56:7
Ecmascript file had 
an error
[0m [90m 54 |[39m  
       )[33m;[39m
 [90m 55 |[39m      
 }
[31m[1m>[22m[39m[
90m 56 |[39m       
session [33m=[39m 
[36mawait[39m [33mC
lassSession[39m[33m.
[39mfindById(result[
33m.[39msessionId)[3
3m;[39m
 [90m    |[39m      
 [31m[1m^[22m[39m
[31m[1m^[22m[39m[3
1m[1m^[22m[39m[31m
[1m^[22m[39m[31m[
1m^[22m[39m[31m[1m
^[22m[39m[31m[1m^
[22m[39m
 [90m 57 |[39m     
} [36melse[39m 
[36mif[39m 
(sessionCode) {
 [90m 58 |[39m      
 [90m// Look up 
session by session 
code[39m
 [90m 59 |[39m      
 session [33m=[39m 
[36mawait[39m [33mC
lassSession[39m[33m.
[39mfindOne({ 
sessionCode 
})[33m;[39m[0m

cannot reassign to a 
variable declared 
with `const`


./src/app/api/attendan
ce/mark/route.js:59:7
Ecmascript file had 
an error
[0m [90m 57 |[39m  
   } [36melse[39m 
[36mif[39m 
(sessionCode) {
 [90m 58 |[39m      
 [90m// Look up 
session by session 
code[39m
[31m[1m>[22m[39m[
90m 59 |[39m       
session [33m=[39m 
[36mawait[39m [33mC
lassSession[39m[33m.
[39mfindOne({ 
sessionCode 
})[33m;[39m
 [90m    |[39m      
 [31m[1m^[22m[39m
[31m[1m^[22m[39m[3
1m[1m^[22m[39m[31m
[1m^[22m[39m[31m[
1m^[22m[39m[31m[1m
^[22m[39m[31m[1m^
[22m[39m
 [90m 60 |[39m     
} [36melse[39m {
 [90m 61 |[39m      
 [36mreturn[39m [33
mNextResponse[39m[33
m.[39mjson(
 [90m 62 |[39m      
   { error[33m:[39m 
[32m"Either 
sessionCode or 
qrPayload is 
required."[39m 
}[33m,[39m[0m

cannot reassign to a 
variable declared 
with `const`


./src/app/api/attendan
ce/mark/route.js:45:9
Ecmascript file had 
an error
[0m [90m 43 |[39m
 [90m 44 |[39m     
[90m// ---- 2) 
Resolve Session 
----[39m
[31m[1m>[22m[39m[
90m 45 |[39m     
[36mlet[39m 
session[33m;[39m
 [90m    |[39m      
   [31m[1m^[22m[39
m[31m[1m^[22m[39m
[31m[1m^[22m[39m[3
1m[1m^[22m[39m[31m
[1m^[22m[39m[31m[
1m^[22m[39m[31m[1m
^[22m[39m
 [90m 46 |[39m
 [90m 47 |[39m     
[90m// If QR payload 
provided ΓåÆ 
verify[39m
 [90m 48 |[39m     
[36mif[39m 
(qrPayload) {[0m

the name `session` is 
defined multiple times


    at <unknown> (./sr
c/app/api/attendance/m
ark/route.js:56:7)
    at <unknown> (./sr
c/app/api/attendance/m
ark/route.js:59:7)
    at <unknown> (./sr
c/app/api/attendance/m
ark/route.js:45:9)
